2026-07-03 15:13:00.678 [main] INFO  [txnId=na] [ip=na] c.t.server.LoggingInitializer - Logging to date-based files: /Users/jainnibha/chandra-workspace/trustsign/config/logs/application-%d{yyyy-MM-dd}.log
2026-07-03 15:13:00.679 [main] INFO  [txnId=na] [ip=na] com.trustsign.server.Main - Using config: /Users/jainnibha/chandra-workspace/trustsign/config/config.json
2026-07-03 15:48:59.650 [main] INFO  [txnId=na] [ip=na] c.t.server.LoggingInitializer - Logging to date-based files: /Users/jainnibha/chandra-workspace/trustsign/config/logs/application-%d{yyyy-MM-dd}.log
2026-07-03 15:48:59.651 [main] INFO  [txnId=na] [ip=na] com.trustsign.server.Main - Using config: /Users/jainnibha/chandra-workspace/trustsign/config/config.json
2026-07-03 15:53:54.235 [main] INFO  [txnId=na] [ip=na] c.t.server.LoggingInitializer - Logging to date-based files: /Users/jainnibha/chandra-workspace/trustsign/config/logs/application-%d{yyyy-MM-dd}.log
2026-07-03 15:53:54.236 [main] INFO  [txnId=na] [ip=na] com.trustsign.server.Main - Using config: /Users/jainnibha/chandra-workspace/trustsign/config/config.json
2026-07-03 16:00:02.866 [main] INFO  [txnId=na] [ip=na] c.t.server.LoggingInitializer - Logging to date-based files: /Users/jainnibha/chandra-workspace/trustsign/config/logs/application-%d{yyyy-MM-dd}.log
2026-07-03 16:00:02.867 [main] INFO  [txnId=na] [ip=na] com.trustsign.server.Main - Using config: /Users/jainnibha/chandra-workspace/trustsign/config/config.json
2026-07-03 16:04:02.635 [main] INFO  [txnId=na] [ip=na] c.t.server.LoggingInitializer - Logging to date-based files: /Users/jainnibha/chandra-workspace/trustsign/config/logs/application-%d{yyyy-MM-dd}.log
2026-07-03 16:04:02.637 [main] INFO  [txnId=na] [ip=na] com.trustsign.server.Main - Using config: /Users/jainnibha/chandra-workspace/trustsign/config/config.json
2026-07-03 16:15:04.075 [main] INFO  [txnId=na] [ip=na] c.t.server.LoggingInitializer - Logging to date-based files: /Users/jainnibha/chandra-workspace/trustsign/config/logs/application-%d{yyyy-MM-dd}.log
2026-07-03 16:15:04.077 [main] INFO  [txnId=na] [ip=na] com.trustsign.server.Main - Using config: /Users/jainnibha/chandra-workspace/trustsign/config/config.json
2026-07-03 16:17:20.107 [main] INFO  [txnId=na] [ip=na] c.t.server.LoggingInitializer - Logging to date-based files: /Users/jainnibha/chandra-workspace/trustsign/config/logs/application-%d{yyyy-MM-dd}.log
2026-07-03 16:17:20.108 [main] INFO  [txnId=na] [ip=na] com.trustsign.server.Main - Using config: /Users/jainnibha/chandra-workspace/trustsign/config/config.json
2026-07-03 16:26:08.407 [main] INFO  [txnId=na] [ip=na] c.t.server.LoggingInitializer - Logging to date-based files: /Users/jainnibha/chandra-workspace/trustsign/config/logs/application-%d{yyyy-MM-dd}.log
2026-07-03 16:26:08.408 [main] INFO  [txnId=na] [ip=na] com.trustsign.server.Main - Using config: /Users/jainnibha/chandra-workspace/trustsign/config/config.json
2026-07-03 16:40:29.472 [main] INFO  [txnId=na] [ip=na] c.t.server.LoggingInitializer - Logging to date-based files: /Users/jainnibha/chandra-workspace/trustsign/config/logs/application-%d{yyyy-MM-dd}.log
2026-07-03 16:40:29.474 [main] INFO  [txnId=na] [ip=na] com.trustsign.server.Main - Using config: /Users/jainnibha/chandra-workspace/trustsign/config/config.json
2026-07-03 16:42:44.286 [main] INFO  [txnId=na] [ip=na] c.t.server.LoggingInitializer - Logging to date-based files: /Users/jainnibha/chandra-workspace/trustsign/config/logs/application-%d{yyyy-MM-dd}.log
2026-07-03 16:42:44.287 [main] INFO  [txnId=na] [ip=na] com.trustsign.server.Main - Using config: /Users/jainnibha/chandra-workspace/trustsign/config/config.json
2026-07-03 16:44:14.388 [main] INFO  [txnId=na] [ip=na] c.t.server.LoggingInitializer - Logging to date-based files: /Users/jainnibha/chandra-workspace/trustsign/config/logs/application-%d{yyyy-MM-dd}.log
2026-07-03 16:44:14.389 [main] INFO  [txnId=na] [ip=na] com.trustsign.server.Main - Using config: /Users/jainnibha/chandra-workspace/trustsign/config/config.json
2026-07-03 16:45:16.621 [main] INFO  [txnId=na] [ip=na] com.trustsign.server.Main - Starting Main using Java 25.0.3 with PID 45774 (/Users/jainnibha/chandra-workspace/trustsign/build/classes/java/main started by jainnibha in /Users/jainnibha/chandra-workspace/trustsign)
2026-07-03 16:45:16.622 [main] INFO  [txnId=na] [ip=na] com.trustsign.server.Main - No active profile set, falling back to 1 default profile: "default"
2026-07-03 16:45:16.960 [main] INFO  [txnId=na] [ip=na] o.s.b.w.e.tomcat.TomcatWebServer - Tomcat initialized with port 8080 (http)
2026-07-03 16:45:16.993 [main] INFO  [txnId=na] [ip=na] o.s.b.w.s.c.ServletWebServerApplicationContext - Root WebApplicationContext: initialization completed in 352 ms
2026-07-03 16:45:17.202 [main] INFO  [txnId=na] [ip=na] o.s.b.w.e.tomcat.TomcatWebServer - Tomcat started on port 8080 (http) with context path '/'
2026-07-03 16:45:17.207 [main] INFO  [txnId=na] [ip=na] com.trustsign.server.Main - Started Main in 0.692 seconds (process running for 63.085)
2026-07-03 16:45:17.208 [main] INFO  [txnId=na] [ip=na] com.trustsign.server.Main - TrustSign API at http://0.0.0.0:8080/pki — Spring Boot MVC
2026-07-03 16:45:42.130 [SpringApplicationShutdownHook] INFO  [txnId=na] [ip=na] o.s.b.w.e.tomcat.GracefulShutdown - Commencing graceful shutdown. Waiting for active requests to complete
2026-07-03 16:45:42.133 [tomcat-shutdown] INFO  [txnId=na] [ip=na] o.s.b.w.e.tomcat.GracefulShutdown - Graceful shutdown complete
2026-07-03 17:18:21.227 [main] INFO  [txnId=na] [ip=na] c.t.server.LoggingInitializer - Logging to date-based files: /Users/jainnibha/chandra-workspace/trustsign/config/logs/application-%d{yyyy-MM-dd}.log
2026-07-03 17:18:21.228 [main] INFO  [txnId=na] [ip=na] com.trustsign.server.Main - Using config: /Users/jainnibha/chandra-workspace/trustsign/config/config.json
2026-07-03 17:18:21.562 [main] INFO  [txnId=na] [ip=na] com.trustsign.server.Main - Starting Main using Java 25.0.3 with PID 57176 (/Users/jainnibha/chandra-workspace/trustsign/build/classes/java/main started by jainnibha in /Users/jainnibha/chandra-workspace/trustsign)
2026-07-03 17:18:21.562 [main] INFO  [txnId=na] [ip=na] com.trustsign.server.Main - No active profile set, falling back to 1 default profile: "default"
2026-07-03 17:18:21.921 [main] INFO  [txnId=na] [ip=na] o.s.b.w.e.tomcat.TomcatWebServer - Tomcat initialized with port 8080 (http)
2026-07-03 17:18:21.952 [main] INFO  [txnId=na] [ip=na] o.s.b.w.s.c.ServletWebServerApplicationContext - Root WebApplicationContext: initialization completed in 368 ms
2026-07-03 17:18:22.170 [main] INFO  [txnId=na] [ip=na] o.s.b.w.e.tomcat.TomcatWebServer - Tomcat started on port 8080 (http) with context path '/'
2026-07-03 17:18:22.174 [main] INFO  [txnId=na] [ip=na] com.trustsign.server.Main - Started Main in 0.725 seconds (process running for 1.216)
2026-07-03 17:18:22.175 [main] INFO  [txnId=na] [ip=na] com.trustsign.server.Main - TrustSign API at http://0.0.0.0:8080/pki — Spring Boot MVC
2026-07-03 17:24:31.468 [http-nio-8080-exec-2] INFO  [txnId=na] [ip=na] o.s.web.servlet.DispatcherServlet - Initializing Servlet 'dispatcherServlet'
2026-07-03 17:24:31.470 [http-nio-8080-exec-2] INFO  [txnId=na] [ip=na] o.s.web.servlet.DispatcherServlet - Completed initialization in 1 ms
2026-07-03 17:24:31.492 [http-nio-8080-exec-2] INFO  [txnId=330179ac76654963bcf0276bee7199d3] [ip=0:0:0:0:0:0:0:1] com.trustsign.server.ApiServlet - Reloaded config from disk: /Users/jainnibha/chandra-workspace/trustsign/config/config.json
2026-07-03 17:24:31.492 [http-nio-8080-exec-2] ERROR [txnId=330179ac76654963bcf0276bee7199d3] [ip=0:0:0:0:0:0:0:1] com.trustsign.server.ApiServlet - Rejecting request from disallowed IP: 0:0:0:0:0:0:0:1
2026-07-03 17:25:05.959 [http-nio-8080-exec-3] INFO  [txnId=a43148f5cf114b21a6c4378758d195aa] [ip=127.0.0.1] com.trustsign.server.ApiServlet - /map-certificate: backed up existing truststore to /Users/jainnibha/chandra-workspace/trustsign/config/truststore.jks.bak
2026-07-03 17:25:05.989 [http-nio-8080-exec-3] ERROR [txnId=a43148f5cf114b21a6c4378758d195aa] [ip=127.0.0.1] com.trustsign.server.ApiServlet - /map-certificate failed: keystore password was incorrect
java.io.IOException: keystore password was incorrect
	at java.base/sun.security.pkcs12.PKCS12KeyStore.engineLoad(PKCS12KeyStore.java:2109)
	at java.base/sun.security.util.KeyStoreDelegator.engineLoad(KeyStoreDelegator.java:226)
	at java.base/java.security.KeyStore.load(KeyStore.java:1522)
	at com.trustsign.server.ApiServlet.importCertificatesToTruststore(ApiServlet.java:4116)
	at com.trustsign.server.ApiServlet.mapCertificateArtifacts(ApiServlet.java:3820)
	at com.trustsign.server.ApiServlet.handlePost(ApiServlet.java:1321)
	at com.trustsign.server.TSController.mapCertificate(TSController.java:128)
	at java.base/jdk.internal.reflect.DirectMethodHandleAccessor.invoke(DirectMethodHandleAccessor.java:104)
	at java.base/java.lang.reflect.Method.invoke(Method.java:565)
	at org.springframework.web.method.support.InvocableHandlerMethod.doInvoke(InvocableHandlerMethod.java:255)
	at org.springframework.web.method.support.InvocableHandlerMethod.invokeForRequest(InvocableHandlerMethod.java:188)
	at org.springframework.web.servlet.mvc.method.annotation.ServletInvocableHandlerMethod.invokeAndHandle(ServletInvocableHandlerMethod.java:118)
	at org.springframework.web.servlet.mvc.method.annotation.RequestMappingHandlerAdapter.invokeHandlerMethod(RequestMappingHandlerAdapter.java:926)
	at org.springframework.web.servlet.mvc.method.annotation.RequestMappingHandlerAdapter.handleInternal(RequestMappingHandlerAdapter.java:831)
	at org.springframework.web.servlet.mvc.method.AbstractHandlerMethodAdapter.handle(AbstractHandlerMethodAdapter.java:87)
	at org.springframework.web.servlet.DispatcherServlet.doDispatch(DispatcherServlet.java:1089)
	at org.springframework.web.servlet.DispatcherServlet.doService(DispatcherServlet.java:979)
	at org.springframework.web.servlet.FrameworkServlet.processRequest(FrameworkServlet.java:1014)
	at org.springframework.web.servlet.FrameworkServlet.doPost(FrameworkServlet.java:914)
	at jakarta.servlet.http.HttpServlet.service(HttpServlet.java:590)
	at org.springframework.web.servlet.FrameworkServlet.service(FrameworkServlet.java:885)
	at jakarta.servlet.http.HttpServlet.service(HttpServlet.java:658)
	at org.apache.catalina.core.ApplicationFilterChain.internalDoFilter(ApplicationFilterChain.java:195)
	at org.apache.catalina.core.ApplicationFilterChain.doFilter(ApplicationFilterChain.java:140)
	at org.apache.tomcat.websocket.server.WsFilter.doFilter(WsFilter.java:51)
	at org.apache.catalina.core.ApplicationFilterChain.internalDoFilter(ApplicationFilterChain.java:164)
	at org.apache.catalina.core.ApplicationFilterChain.doFilter(ApplicationFilterChain.java:140)
	at org.springframework.web.filter.RequestContextFilter.doFilterInternal(RequestContextFilter.java:100)
	at org.springframework.web.filter.OncePerRequestFilter.doFilter(OncePerRequestFilter.java:116)
	at org.apache.catalina.core.ApplicationFilterChain.internalDoFilter(ApplicationFilterChain.java:164)
	at org.apache.catalina.core.ApplicationFilterChain.doFilter(ApplicationFilterChain.java:140)
	at org.springframework.web.filter.FormContentFilter.doFilterInternal(FormContentFilter.java:93)
	at org.springframework.web.filter.OncePerRequestFilter.doFilter(OncePerRequestFilter.java:116)
	at org.apache.catalina.core.ApplicationFilterChain.internalDoFilter(ApplicationFilterChain.java:164)
	at org.apache.catalina.core.ApplicationFilterChain.doFilter(ApplicationFilterChain.java:140)
	at com.trustsign.server.SigningConcurrencyFilter.doFilter(SigningConcurrencyFilter.java:45)
	at jakarta.servlet.http.HttpFilter.doFilter(HttpFilter.java:53)
	at org.apache.catalina.core.ApplicationFilterChain.internalDoFilter(ApplicationFilterChain.java:164)
	at org.apache.catalina.core.ApplicationFilterChain.doFilter(ApplicationFilterChain.java:140)
	at com.trustsign.server.RequestTracingFilter.doFilterInternal(RequestTracingFilter.java:30)
	at org.springframework.web.filter.OncePerRequestFilter.doFilter(OncePerRequestFilter.java:116)
	at org.apache.catalina.core.ApplicationFilterChain.internalDoFilter(ApplicationFilterChain.java:164)
	at org.apache.catalina.core.ApplicationFilterChain.doFilter(ApplicationFilterChain.java:140)
	at org.springframework.web.filter.CharacterEncodingFilter.doFilterInternal(CharacterEncodingFilter.java:201)
	at org.springframework.web.filter.OncePerRequestFilter.doFilter(OncePerRequestFilter.java:116)
	at org.apache.catalina.core.ApplicationFilterChain.internalDoFilter(ApplicationFilterChain.java:164)
	at org.apache.catalina.core.ApplicationFilterChain.doFilter(ApplicationFilterChain.java:140)
	at org.apache.catalina.core.StandardWrapperValve.invoke(StandardWrapperValve.java:167)
	at org.apache.catalina.core.StandardContextValve.invoke(StandardContextValve.java:90)
	at org.apache.catalina.authenticator.AuthenticatorBase.invoke(AuthenticatorBase.java:483)
	at org.apache.catalina.core.StandardHostValve.invoke(StandardHostValve.java:115)
	at org.apache.catalina.valves.ErrorReportValve.invoke(ErrorReportValve.java:93)
	at org.apache.catalina.core.StandardEngineValve.invoke(StandardEngineValve.java:74)
	at org.apache.catalina.connector.CoyoteAdapter.service(CoyoteAdapter.java:344)
	at org.apache.coyote.http11.Http11Processor.service(Http11Processor.java:384)
	at org.apache.coyote.AbstractProcessorLight.process(AbstractProcessorLight.java:63)
	at org.apache.coyote.AbstractProtocol$ConnectionHandler.process(AbstractProtocol.java:905)
	at org.apache.tomcat.util.net.NioEndpoint$SocketProcessor.doRun(NioEndpoint.java:1741)
	at org.apache.tomcat.util.net.SocketProcessorBase.run(SocketProcessorBase.java:52)
	at org.apache.tomcat.util.threads.ThreadPoolExecutor.runWorker(ThreadPoolExecutor.java:1190)
	at org.apache.tomcat.util.threads.ThreadPoolExecutor$Worker.run(ThreadPoolExecutor.java:659)
	at org.apache.tomcat.util.threads.TaskThread$WrappingRunnable.run(TaskThread.java:63)
	at java.base/java.lang.Thread.run(Thread.java:1474)
Caused by: java.security.UnrecoverableKeyException: failed to decrypt safe contents entry: javax.crypto.BadPaddingException: Given final block not properly padded. Such issues can arise if a bad key is used during decryption.
	... 63 common frames omitted
2026-07-03 17:28:37.015 [SpringApplicationShutdownHook] INFO  [txnId=na] [ip=na] o.s.b.w.e.tomcat.GracefulShutdown - Commencing graceful shutdown. Waiting for active requests to complete
2026-07-03 17:28:37.021 [tomcat-shutdown] INFO  [txnId=na] [ip=na] o.s.b.w.e.tomcat.GracefulShutdown - Graceful shutdown complete
2026-07-03 17:29:03.455 [main] INFO  [txnId=na] [ip=na] c.t.server.LoggingInitializer - Logging to date-based files: /Users/jainnibha/chandra-workspace/trustsign/config/logs/application-%d{yyyy-MM-dd}.log
2026-07-03 17:29:03.456 [main] INFO  [txnId=na] [ip=na] com.trustsign.server.Main - Using config: /Users/jainnibha/chandra-workspace/trustsign/config/config.json
2026-07-03 17:29:03.778 [main] INFO  [txnId=na] [ip=na] com.trustsign.server.Main - Starting Main using Java 25.0.3 with PID 62116 (/Users/jainnibha/chandra-workspace/trustsign/build/classes/java/main started by jainnibha in /Users/jainnibha/chandra-workspace/trustsign)
2026-07-03 17:29:03.778 [main] INFO  [txnId=na] [ip=na] com.trustsign.server.Main - No active profile set, falling back to 1 default profile: "default"
2026-07-03 17:29:04.184 [main] INFO  [txnId=na] [ip=na] o.s.b.w.e.tomcat.TomcatWebServer - Tomcat initialized with port 8080 (http)
2026-07-03 17:29:04.217 [main] INFO  [txnId=na] [ip=na] o.s.b.w.s.c.ServletWebServerApplicationContext - Root WebApplicationContext: initialization completed in 418 ms
2026-07-03 17:29:04.431 [main] INFO  [txnId=na] [ip=na] o.s.b.w.e.tomcat.TomcatWebServer - Tomcat started on port 8080 (http) with context path '/'
2026-07-03 17:29:04.435 [main] INFO  [txnId=na] [ip=na] com.trustsign.server.Main - Started Main in 0.771 seconds (process running for 1.255)
2026-07-03 17:29:04.436 [main] INFO  [txnId=na] [ip=na] com.trustsign.server.Main - TrustSign API at http://0.0.0.0:8080/pki — Spring Boot MVC
2026-07-03 17:29:17.781 [http-nio-8080-exec-1] INFO  [txnId=na] [ip=na] o.s.web.servlet.DispatcherServlet - Initializing Servlet 'dispatcherServlet'
2026-07-03 17:29:17.782 [http-nio-8080-exec-1] INFO  [txnId=na] [ip=na] o.s.web.servlet.DispatcherServlet - Completed initialization in 0 ms
2026-07-03 17:29:17.807 [http-nio-8080-exec-1] INFO  [txnId=cb19e26c5da34109a223f36c21184baa] [ip=127.0.0.1] com.trustsign.server.ApiServlet - Reloaded config from disk: /Users/jainnibha/chandra-workspace/trustsign/config/config.json
2026-07-03 17:32:58.213 [SpringApplicationShutdownHook] INFO  [txnId=na] [ip=na] o.s.b.w.e.tomcat.GracefulShutdown - Commencing graceful shutdown. Waiting for active requests to complete
2026-07-03 17:32:58.218 [tomcat-shutdown] INFO  [txnId=na] [ip=na] o.s.b.w.e.tomcat.GracefulShutdown - Graceful shutdown complete
2026-07-03 17:37:03.253 [main] INFO  [txnId=na] [ip=na] c.t.server.LoggingInitializer - Logging to date-based files: /Users/jainnibha/chandra-workspace/trustsign/config/logs/application-%d{yyyy-MM-dd}.log
2026-07-03 17:37:03.254 [main] INFO  [txnId=na] [ip=na] com.trustsign.server.Main - Using config: /Users/jainnibha/chandra-workspace/trustsign/config/config.json
2026-07-03 17:37:03.562 [main] INFO  [txnId=na] [ip=na] com.trustsign.server.Main - Starting Main using Java 25.0.3 with PID 65989 (/Users/jainnibha/chandra-workspace/trustsign/build/classes/java/main started by jainnibha in /Users/jainnibha/chandra-workspace/trustsign)
2026-07-03 17:37:03.563 [main] INFO  [txnId=na] [ip=na] com.trustsign.server.Main - No active profile set, falling back to 1 default profile: "default"
2026-07-03 17:37:03.907 [main] INFO  [txnId=na] [ip=na] o.s.b.w.e.tomcat.TomcatWebServer - Tomcat initialized with port 8080 (http)
2026-07-03 17:37:03.934 [main] INFO  [txnId=na] [ip=na] o.s.b.w.s.c.ServletWebServerApplicationContext - Root WebApplicationContext: initialization completed in 351 ms
2026-07-03 17:37:04.151 [main] INFO  [txnId=na] [ip=na] o.s.b.w.e.tomcat.TomcatWebServer - Tomcat started on port 8080 (http) with context path '/'
2026-07-03 17:37:04.156 [main] INFO  [txnId=na] [ip=na] com.trustsign.server.Main - Started Main in 0.698 seconds (process running for 1.173)
2026-07-03 17:37:04.157 [main] INFO  [txnId=na] [ip=na] com.trustsign.server.Main - TrustSign API at http://0.0.0.0:8080/pki — Spring Boot MVC
2026-07-03 17:37:23.239 [SpringApplicationShutdownHook] INFO  [txnId=na] [ip=na] o.s.b.w.e.tomcat.GracefulShutdown - Commencing graceful shutdown. Waiting for active requests to complete
2026-07-03 17:37:23.246 [tomcat-shutdown] INFO  [txnId=na] [ip=na] o.s.b.w.e.tomcat.GracefulShutdown - Graceful shutdown complete
