2026-06-16 11:19:33.956 [main] INFO  [txnId=na] [ip=na] com.trustsign.server.c - Logging to date-based files: /Users/jainnibha/chandra-workspace/trustsign/config/logs/application-%d{yyyy-MM-dd}.log
2026-06-16 11:19:33.957 [main] INFO  [txnId=na] [ip=na] com.trustsign.server.Main - Using config: /Users/jainnibha/chandra-workspace/trustsign/config/config.json
2026-06-16 11:19:34.330 [main] INFO  [txnId=na] [ip=na] com.trustsign.server.Main - Starting Main v0.1.0 using Java 25.0.3 with PID 19698 (/Users/jainnibha/chandra-workspace/trustsign/build/libs/trustsign-0.1.0-all.jar started by jainnibha in /Users/jainnibha/chandra-workspace/trustsign)
2026-06-16 11:19:34.330 [main] INFO  [txnId=na] [ip=na] com.trustsign.server.Main - No active profile set, falling back to 1 default profile: "default"
2026-06-16 11:19:34.749 [main] INFO  [txnId=na] [ip=na] o.s.b.w.e.tomcat.TomcatWebServer - Tomcat initialized with port 8080 (http)
2026-06-16 11:19:34.771 [main] INFO  [txnId=na] [ip=na] o.s.b.w.s.c.ServletWebServerApplicationContext - Root WebApplicationContext: initialization completed in 415 ms
2026-06-16 11:19:34.953 [main] INFO  [txnId=na] [ip=na] o.s.b.w.e.tomcat.TomcatWebServer - Tomcat started on port 8080 (http) with context path '/'
2026-06-16 11:19:34.957 [main] INFO  [txnId=na] [ip=na] com.trustsign.server.Main - Started Main in 0.777 seconds (process running for 1.357)
2026-06-16 11:19:34.958 [main] INFO  [txnId=na] [ip=na] com.trustsign.server.Main - TrustSign API at http://0.0.0.0:8080/pki — Spring Boot MVC
2026-06-16 11:19:45.608 [SpringApplicationShutdownHook] INFO  [txnId=na] [ip=na] o.s.b.w.e.tomcat.GracefulShutdown - Commencing graceful shutdown. Waiting for active requests to complete
2026-06-16 11:19:45.617 [tomcat-shutdown] INFO  [txnId=na] [ip=na] o.s.b.w.e.tomcat.GracefulShutdown - Graceful shutdown complete
2026-06-16 11:36:24.106 [main] INFO  [txnId=na] [ip=na] c.t.server.LoggingInitializer - Logging to date-based files: /Users/jainnibha/chandra-workspace/trustsign/config/logs/application-%d{yyyy-MM-dd}.log
2026-06-16 11:36:24.108 [main] INFO  [txnId=na] [ip=na] com.trustsign.server.Main - Using config: /Users/jainnibha/chandra-workspace/trustsign/config/config.json
2026-06-16 11:36:24.399 [main] INFO  [txnId=na] [ip=na] com.trustsign.server.Main - Starting Main using Java 25.0.3 with PID 22650 (/Users/jainnibha/chandra-workspace/trustsign/build/classes/java/main started by jainnibha in /Users/jainnibha/chandra-workspace/trustsign)
2026-06-16 11:36:24.399 [main] INFO  [txnId=na] [ip=na] com.trustsign.server.Main - No active profile set, falling back to 1 default profile: "default"
2026-06-16 11:36:24.717 [main] INFO  [txnId=na] [ip=na] o.s.b.w.e.tomcat.TomcatWebServer - Tomcat initialized with port 8080 (http)
2026-06-16 11:36:24.750 [main] INFO  [txnId=na] [ip=na] o.s.b.w.s.c.ServletWebServerApplicationContext - Root WebApplicationContext: initialization completed in 332 ms
2026-06-16 11:36:24.944 [main] INFO  [txnId=na] [ip=na] o.s.b.w.e.tomcat.TomcatWebServer - Tomcat started on port 8080 (http) with context path '/'
2026-06-16 11:36:24.948 [main] INFO  [txnId=na] [ip=na] com.trustsign.server.Main - Started Main in 0.652 seconds (process running for 1.099)
2026-06-16 11:36:24.949 [main] INFO  [txnId=na] [ip=na] com.trustsign.server.Main - TrustSign API at http://0.0.0.0:8080/pki — Spring Boot MVC
2026-06-16 11:36:31.180 [SpringApplicationShutdownHook] INFO  [txnId=na] [ip=na] o.s.b.w.e.tomcat.GracefulShutdown - Commencing graceful shutdown. Waiting for active requests to complete
2026-06-16 11:36:31.187 [tomcat-shutdown] INFO  [txnId=na] [ip=na] o.s.b.w.e.tomcat.GracefulShutdown - Graceful shutdown complete
2026-06-16 11:48:13.751 [main] INFO  [txnId=na] [ip=na] c.t.server.LoggingInitializer - Logging to date-based files: /Users/jainnibha/chandra-workspace/trustsign/config/logs/application-%d{yyyy-MM-dd}.log
2026-06-16 11:48:13.752 [main] INFO  [txnId=na] [ip=na] com.trustsign.server.Main - Using config: /Users/jainnibha/chandra-workspace/trustsign/config/config.json
2026-06-16 11:48:27.241 [main] INFO  [txnId=na] [ip=na] com.trustsign.server.Main - Starting Main using Java 25.0.3 with PID 27753 (/Users/jainnibha/chandra-workspace/trustsign/build/classes/java/main started by jainnibha in /Users/jainnibha/chandra-workspace/trustsign)
2026-06-16 11:48:27.241 [main] INFO  [txnId=na] [ip=na] com.trustsign.server.Main - No active profile set, falling back to 1 default profile: "default"
2026-06-16 11:48:27.602 [main] INFO  [txnId=na] [ip=na] o.s.b.w.e.tomcat.TomcatWebServer - Tomcat initialized with port 8080 (http)
2026-06-16 11:48:27.633 [main] INFO  [txnId=na] [ip=na] o.s.b.w.s.c.ServletWebServerApplicationContext - Root WebApplicationContext: initialization completed in 372 ms
2026-06-16 11:48:27.841 [main] INFO  [txnId=na] [ip=na] o.s.b.w.e.tomcat.TomcatWebServer - Tomcat started on port 8080 (http) with context path '/'
2026-06-16 11:48:27.845 [main] INFO  [txnId=na] [ip=na] com.trustsign.server.Main - Started Main in 0.715 seconds (process running for 14.387)
2026-06-16 11:48:27.846 [main] INFO  [txnId=na] [ip=na] com.trustsign.server.Main - TrustSign API at http://0.0.0.0:8080/pki — Spring Boot MVC
2026-06-16 11:52:59.147 [SpringApplicationShutdownHook] INFO  [txnId=na] [ip=na] o.s.b.w.e.tomcat.GracefulShutdown - Commencing graceful shutdown. Waiting for active requests to complete
2026-06-16 11:52:59.152 [tomcat-shutdown] INFO  [txnId=na] [ip=na] o.s.b.w.e.tomcat.GracefulShutdown - Graceful shutdown complete
2026-06-16 12:55:22.519 [main] INFO  [txnId=na] [ip=na] c.t.server.LoggingInitializer - Logging to date-based files: /Users/jainnibha/chandra-workspace/trustsign/config/logs/application-%d{yyyy-MM-dd}.log
2026-06-16 12:55:22.520 [main] INFO  [txnId=na] [ip=na] com.trustsign.server.Main - Using config: /Users/jainnibha/chandra-workspace/trustsign/config/config.json
2026-06-16 12:55:22.826 [main] INFO  [txnId=na] [ip=na] com.trustsign.server.Main - Starting Main using Java 25.0.3 with PID 57810 (/Users/jainnibha/chandra-workspace/trustsign/build/classes/java/main started by jainnibha in /Users/jainnibha/chandra-workspace/trustsign)
2026-06-16 12:55:22.826 [main] INFO  [txnId=na] [ip=na] com.trustsign.server.Main - No active profile set, falling back to 1 default profile: "default"
2026-06-16 12:55:23.173 [main] INFO  [txnId=na] [ip=na] o.s.b.w.e.tomcat.TomcatWebServer - Tomcat initialized with port 8080 (http)
2026-06-16 12:55:23.202 [main] INFO  [txnId=na] [ip=na] o.s.b.w.s.c.ServletWebServerApplicationContext - Root WebApplicationContext: initialization completed in 357 ms
2026-06-16 12:55:23.435 [main] INFO  [txnId=na] [ip=na] o.s.b.w.e.tomcat.TomcatWebServer - Tomcat started on port 8080 (http) with context path '/'
2026-06-16 12:55:23.440 [main] INFO  [txnId=na] [ip=na] com.trustsign.server.Main - Started Main in 0.722 seconds (process running for 1.181)
2026-06-16 12:55:23.440 [main] INFO  [txnId=na] [ip=na] com.trustsign.server.Main - TrustSign API at http://0.0.0.0:8080/pki — Spring Boot MVC
2026-06-16 12:55:28.995 [SpringApplicationShutdownHook] INFO  [txnId=na] [ip=na] o.s.b.w.e.tomcat.GracefulShutdown - Commencing graceful shutdown. Waiting for active requests to complete
2026-06-16 12:55:29.002 [tomcat-shutdown] INFO  [txnId=na] [ip=na] o.s.b.w.e.tomcat.GracefulShutdown - Graceful shutdown complete
